BL51 BANKED LINKER/LOCATER V6.22                                                        10/16/2018  10:51:29  PAGE 1


BL51 BANKED LINKER/LOCATER V6.22, INVOKED BY:
C:\KEIL_V5\C51\BIN\BL51.EXE .\Objects\STARTUP.obj, .\Objects\Test06.obj TO .\Objects\Test06 PRINT (.\Listings\Test06.m51
>> ) RAMSIZE (256)


MEMORY MODEL: SMALL


INPUT MODULES INCLUDED:
  .\Objects\STARTUP.obj (?C_STARTUP)
  .\Objects\Test06.obj (TEST06)


LINK MAP OF MODULE:  .\Objects\Test06 (?C_STARTUP)


            TYPE    BASE      LENGTH    RELOCATION   SEGMENT NAME
            -----------------------------------------------------

            * * * * * * *   D A T A   M E M O R Y   * * * * * * *
            REG     0000H     0008H     ABSOLUTE     "REG BANK 0"
            DATA    0008H     0002H     UNIT         ?DT?TEST06
            IDATA   000AH     0001H     UNIT         ?STACK

            * * * * * * *   C O D E   M E M O R Y   * * * * * * *
            CODE    0000H     0003H     ABSOLUTE     
                    0003H     0008H                  *** GAP ***
            CODE    000BH     0003H     ABSOLUTE     
            CODE    000EH     001DH     UNIT         ?PR?MAIN?TEST06
            CODE    002BH     0013H     UNIT         ?PR?TIME0?TEST06
            CODE    003EH     000CH     UNIT         ?C_C51STARTUP



OVERLAY MAP OF MODULE:   .\Objects\Test06 (?C_STARTUP)


SEGMENT
  +--> CALLED SEGMENT
---------------------
?C_C51STARTUP
  +--> ?PR?MAIN?TEST06



SYMBOL TABLE OF MODULE:  .\Objects\Test06 (?C_STARTUP)

  VALUE           TYPE          NAME
  ----------------------------------

  -------         MODULE        ?C_STARTUP
  C:003EH         SEGMENT       ?C_C51STARTUP
  I:000AH         SEGMENT       ?STACK
  C:0000H         PUBLIC        ?C_STARTUP
  D:00E0H         SYMBOL        ACC
  D:00F0H         SYMBOL        B
  D:0083H         SYMBOL        DPH
  D:0082H         SYMBOL        DPL
BL51 BANKED LINKER/LOCATER V6.22                                                      10/16/2018  10:51:29  PAGE 2


  N:0000H         SYMBOL        IBPSTACK
  N:0100H         SYMBOL        IBPSTACKTOP
  N:0080H         SYMBOL        IDATALEN
  C:0041H         SYMBOL        IDATALOOP
  N:0000H         SYMBOL        PBPSTACK
  N:0100H         SYMBOL        PBPSTACKTOP
  N:0000H         SYMBOL        PDATALEN
  N:0000H         SYMBOL        PDATASTART
  N:0000H         SYMBOL        PPAGE
  N:0000H         SYMBOL        PPAGEENABLE
  D:00A0H         SYMBOL        PPAGE_SFR
  D:0081H         SYMBOL        SP
  C:003EH         SYMBOL        STARTUP1
  N:0000H         SYMBOL        XBPSTACK
  N:0000H         SYMBOL        XBPSTACKTOP
  N:0000H         SYMBOL        XDATALEN
  N:0000H         SYMBOL        XDATASTART
  C:0000H         LINE#         126
  C:003EH         LINE#         133
  C:0040H         LINE#         134
  C:0041H         LINE#         135
  C:0042H         LINE#         136
  C:0044H         LINE#         185
  C:0047H         LINE#         196
  -------         ENDMOD        ?C_STARTUP

  -------         MODULE        TEST06
  C:0000H         SYMBOL        _ICE_DUMMY_
  D:0090H         PUBLIC        P1
  D:00B0H         PUBLIC        P3
  B:00A8H.7       PUBLIC        EA
  D:00A8H         PUBLIC        IE
  D:00B8H         PUBLIC        IP
  C:000EH         PUBLIC        main
  D:0098H         PUBLIC        SCON
  D:0089H         PUBLIC        TMOD
  D:0088H         PUBLIC        TCON
  B:0090H.0       PUBLIC        led
  B:00A8H.1       PUBLIC        ET0
  D:008CH         PUBLIC        TH0
  D:008AH         PUBLIC        TL0
  B:0088H.4       PUBLIC        TR0
  D:0008H         PUBLIC        pp
  C:002BH         PUBLIC        time0
  D:00C8H         PUBLIC        T2CON
  D:00D0H         PUBLIC        PSW
  -------         PROC          MAIN
  C:000EH         LINE#         25
  C:000EH         LINE#         26
  C:000EH         LINE#         27
  C:0011H         LINE#         28
  C:0013H         LINE#         29
  C:0016H         LINE#         30
  C:0019H         LINE#         31
  C:001BH         LINE#         32
  C:001DH         LINE#         33
  C:001DH         LINE#         34
BL51 BANKED LINKER/LOCATER V6.22                                                      10/16/2018  10:51:29  PAGE 3


  C:001DH         LINE#         35
  C:0027H         LINE#         36
  C:0029H         LINE#         37
  -------         ENDPROC       MAIN
  -------         PROC          TIME0
  C:002BH         LINE#         40
  C:002DH         LINE#         41
  C:0030H         LINE#         42
  C:0033H         LINE#         43
  C:003BH         LINE#         44
  -------         ENDPROC       TIME0
  -------         ENDMOD        TEST06

Program Size: data=11.0 xdata=0 code=66
LINK/LOCATE RUN COMPLETE.  0 WARNING(S),  0 ERROR(S)
