BL51 BANKED LINKER/LOCATER V6.22                                                        10/13/2018  10:16:06  PAGE 1


BL51 BANKED LINKER/LOCATER V6.22, INVOKED BY:
C:\KEIL_V5\C51\BIN\BL51.EXE .\Objects\STARTUP.obj, .\Objects\Test04.obj TO .\Objects\Test01 PRINT (.\Listings\Test01.m51
>> ) RAMSIZE (256)


MEMORY MODEL: SMALL


INPUT MODULES INCLUDED:
  .\Objects\STARTUP.obj (?C_STARTUP)
  .\Objects\Test04.obj (TEST04)


LINK MAP OF MODULE:  .\Objects\Test01 (?C_STARTUP)


            TYPE    BASE      LENGTH    RELOCATION   SEGMENT NAME
            -----------------------------------------------------

            * * * * * * *   D A T A   M E M O R Y   * * * * * * *
            REG     0000H     0008H     ABSOLUTE     "REG BANK 0"
            IDATA   0008H     0001H     UNIT         ?STACK

            * * * * * * *   C O D E   M E M O R Y   * * * * * * *
            CODE    0000H     0003H     ABSOLUTE     
            CODE    0003H     0016H     UNIT         ?PR?_DELAY?TEST04
            CODE    0019H     0014H     UNIT         ?PR?MAIN?TEST04
            CODE    002DH     000CH     UNIT         ?C_C51STARTUP



OVERLAY MAP OF MODULE:   .\Objects\Test01 (?C_STARTUP)


SEGMENT
  +--> CALLED SEGMENT
---------------------
?C_C51STARTUP
  +--> ?PR?MAIN?TEST04

?PR?MAIN?TEST04
  +--> ?PR?_DELAY?TEST04



SYMBOL TABLE OF MODULE:  .\Objects\Test01 (?C_STARTUP)

  VALUE           TYPE          NAME
  ----------------------------------

  -------         MODULE        ?C_STARTUP
  C:002DH         SEGMENT       ?C_C51STARTUP
  I:0008H         SEGMENT       ?STACK
  C:0000H         PUBLIC        ?C_STARTUP
  D:00E0H         SYMBOL        ACC
  D:00F0H         SYMBOL        B
  D:0083H         SYMBOL        DPH
  D:0082H         SYMBOL        DPL
BL51 BANKED LINKER/LOCATER V6.22                                                      10/13/2018  10:16:06  PAGE 2


  N:0000H         SYMBOL        IBPSTACK
  N:0100H         SYMBOL        IBPSTACKTOP
  N:0080H         SYMBOL        IDATALEN
  C:0030H         SYMBOL        IDATALOOP
  N:0000H         SYMBOL        PBPSTACK
  N:0100H         SYMBOL        PBPSTACKTOP
  N:0000H         SYMBOL        PDATALEN
  N:0000H         SYMBOL        PDATASTART
  N:0000H         SYMBOL        PPAGE
  N:0000H         SYMBOL        PPAGEENABLE
  D:00A0H         SYMBOL        PPAGE_SFR
  D:0081H         SYMBOL        SP
  C:002DH         SYMBOL        STARTUP1
  N:0000H         SYMBOL        XBPSTACK
  N:0000H         SYMBOL        XBPSTACKTOP
  N:0000H         SYMBOL        XDATALEN
  N:0000H         SYMBOL        XDATASTART
  C:0000H         LINE#         126
  C:002DH         LINE#         133
  C:002FH         LINE#         134
  C:0030H         LINE#         135
  C:0031H         LINE#         136
  C:0033H         LINE#         185
  C:0036H         LINE#         196
  -------         ENDMOD        ?C_STARTUP

  -------         MODULE        TEST04
  C:0000H         SYMBOL        _ICE_DUMMY_
  D:0090H         PUBLIC        P1
  D:00A0H         PUBLIC        P2
  D:00B0H         PUBLIC        P3
  D:00A8H         PUBLIC        IE
  C:0003H         PUBLIC        _delay
  D:00B8H         PUBLIC        IP
  C:0019H         PUBLIC        main
  D:0098H         PUBLIC        SCON
  D:0088H         PUBLIC        TCON
  B:00A0H.3       PUBLIC        fmq
  D:00C8H         PUBLIC        T2CON
  D:00D0H         PUBLIC        PSW
  -------         PROC          _DELAY
  D:0006H         SYMBOL        i
  -------         DO            
  D:0005H         SYMBOL        t
  -------         ENDDO         
  C:0003H         LINE#         10
  C:0003H         LINE#         11
  C:0003H         LINE#         13
  C:000DH         LINE#         14
  C:0018H         LINE#         15
  C:0018H         LINE#         16
  -------         ENDPROC       _DELAY
  -------         PROC          MAIN
  C:0019H         LINE#         20
  C:0019H         LINE#         21
  C:0019H         LINE#         22
  C:0019H         LINE#         23
BL51 BANKED LINKER/LOCATER V6.22                                                      10/13/2018  10:16:06  PAGE 3


  C:0019H         LINE#         24
  C:001BH         LINE#         25
  C:0022H         LINE#         26
  C:0024H         LINE#         27
  C:002BH         LINE#         28
  -------         ENDPROC       MAIN
  -------         ENDMOD        TEST04

Program Size: data=9.0 xdata=0 code=57
LINK/LOCATE RUN COMPLETE.  0 WARNING(S),  0 ERROR(S)
