BL51 BANKED LINKER/LOCATER V6.22                                                        10/15/2018  01:08:03  PAGE 1


BL51 BANKED LINKER/LOCATER V6.22, INVOKED BY:
C:\KEIL_V5\C51\BIN\BL51.EXE .\Objects\STARTUP.obj, .\Objects\Test02.obj TO .\Objects\Test02 PRINT (.\Listings\Test02.m51
>> ) RAMSIZE (256)


MEMORY MODEL: SMALL


INPUT MODULES INCLUDED:
  .\Objects\STARTUP.obj (?C_STARTUP)
  .\Objects\Test02.obj (TEST02)


LINK MAP OF MODULE:  .\Objects\Test02 (?C_STARTUP)


            TYPE    BASE      LENGTH    RELOCATION   SEGMENT NAME
            -----------------------------------------------------

            * * * * * * *   D A T A   M E M O R Y   * * * * * * *
            REG     0000H     0008H     ABSOLUTE     "REG BANK 0"
            IDATA   0008H     0001H     UNIT         ?STACK

            * * * * * * *   C O D E   M E M O R Y   * * * * * * *
            CODE    0000H     0003H     ABSOLUTE     
            CODE    0003H     0020H     UNIT         ?PR?MAIN?TEST02
            CODE    0023H     0016H     UNIT         ?PR?_DELAY?TEST02
            CODE    0039H     000CH     UNIT         ?C_C51STARTUP



OVERLAY MAP OF MODULE:   .\Objects\Test02 (?C_STARTUP)


SEGMENT
  +--> CALLED SEGMENT
---------------------
?C_C51STARTUP
  +--> ?PR?MAIN?TEST02

?PR?MAIN?TEST02
  +--> ?PR?_DELAY?TEST02



SYMBOL TABLE OF MODULE:  .\Objects\Test02 (?C_STARTUP)

  VALUE           TYPE          NAME
  ----------------------------------

  -------         MODULE        ?C_STARTUP
  C:0039H         SEGMENT       ?C_C51STARTUP
  I:0008H         SEGMENT       ?STACK
  C:0000H         PUBLIC        ?C_STARTUP
  D:00E0H         SYMBOL        ACC
  D:00F0H         SYMBOL        B
  D:0083H         SYMBOL        DPH
  D:0082H         SYMBOL        DPL
BL51 BANKED LINKER/LOCATER V6.22                                                      10/15/2018  01:08:03  PAGE 2


  N:0000H         SYMBOL        IBPSTACK
  N:0100H         SYMBOL        IBPSTACKTOP
  N:0080H         SYMBOL        IDATALEN
  C:003CH         SYMBOL        IDATALOOP
  N:0000H         SYMBOL        PBPSTACK
  N:0100H         SYMBOL        PBPSTACKTOP
  N:0000H         SYMBOL        PDATALEN
  N:0000H         SYMBOL        PDATASTART
  N:0000H         SYMBOL        PPAGE
  N:0000H         SYMBOL        PPAGEENABLE
  D:00A0H         SYMBOL        PPAGE_SFR
  D:0081H         SYMBOL        SP
  C:0039H         SYMBOL        STARTUP1
  N:0000H         SYMBOL        XBPSTACK
  N:0000H         SYMBOL        XBPSTACKTOP
  N:0000H         SYMBOL        XDATALEN
  N:0000H         SYMBOL        XDATASTART
  C:0000H         LINE#         126
  C:0039H         LINE#         133
  C:003BH         LINE#         134
  C:003CH         LINE#         135
  C:003DH         LINE#         136
  C:003FH         LINE#         185
  C:0042H         LINE#         196
  -------         ENDMOD        ?C_STARTUP

  -------         MODULE        TEST02
  C:0000H         SYMBOL        _ICE_DUMMY_
  D:0090H         PUBLIC        P1
  D:00B0H         PUBLIC        P3
  B:0090H.1       PUBLIC        LED2
  B:0090H.3       PUBLIC        LED4
  B:0090H.5       PUBLIC        LED6
  B:0090H.7       PUBLIC        LED8
  D:00A8H         PUBLIC        IE
  C:0023H         PUBLIC        _delay
  D:00B8H         PUBLIC        IP
  C:0003H         PUBLIC        main
  D:0098H         PUBLIC        SCON
  D:0088H         PUBLIC        TCON
  D:00C8H         PUBLIC        T2CON
  D:00D0H         PUBLIC        PSW
  -------         PROC          _DELAY
  D:0006H         SYMBOL        i
  -------         DO            
  D:0005H         SYMBOL        t
  -------         ENDDO         
  C:0023H         LINE#         15
  C:0023H         LINE#         16
  C:0023H         LINE#         18
  C:002DH         LINE#         19
  C:0038H         LINE#         20
  C:0038H         LINE#         21
  -------         ENDPROC       _DELAY
  -------         PROC          MAIN
  C:0003H         LINE#         24
  C:0003H         LINE#         25
BL51 BANKED LINKER/LOCATER V6.22                                                      10/15/2018  01:08:03  PAGE 3


  C:0003H         LINE#         27
  C:0003H         LINE#         28
  C:0003H         LINE#         29
  C:0005H         LINE#         30
  C:0007H         LINE#         31
  C:0009H         LINE#         32
  C:000BH         LINE#         33
  C:0012H         LINE#         34
  C:0014H         LINE#         35
  C:0016H         LINE#         36
  C:0018H         LINE#         37
  C:001AH         LINE#         38
  C:0021H         LINE#         40
  -------         ENDPROC       MAIN
  -------         ENDMOD        TEST02

Program Size: data=9.0 xdata=0 code=69
LINK/LOCATE RUN COMPLETE.  0 WARNING(S),  0 ERROR(S)
