BL51 BANKED LINKER/LOCATER V6.22                                                        10/16/2018  11:05:29  PAGE 1


BL51 BANKED LINKER/LOCATER V6.22, INVOKED BY:
C:\KEIL_V5\C51\BIN\BL51.EXE .\Objects\STARTUP.obj, .\Objects\Test07.obj TO .\Objects\Test07 PRINT (.\Listings\Test07.m51
>> ) RAMSIZE (256)


MEMORY MODEL: SMALL


INPUT MODULES INCLUDED:
  .\Objects\STARTUP.obj (?C_STARTUP)
  .\Objects\Test07.obj (TEST07)


LINK MAP OF MODULE:  .\Objects\Test07 (?C_STARTUP)


            TYPE    BASE      LENGTH    RELOCATION   SEGMENT NAME
            -----------------------------------------------------

            * * * * * * *   D A T A   M E M O R Y   * * * * * * *
            REG     0000H     0008H     ABSOLUTE     "REG BANK 0"
            DATA    0008H     0002H     UNIT         ?DT?TEST07
            IDATA   000AH     0001H     UNIT         ?STACK

            * * * * * * *   C O D E   M E M O R Y   * * * * * * *
            CODE    0000H     0003H     ABSOLUTE     
                    0003H     0008H                  *** GAP ***
            CODE    000BH     0003H     ABSOLUTE     
            CODE    000EH     0027H     UNIT         ?PR?MAIN?TEST07
            CODE    0035H     001EH     UNIT         ?PR?_DELAY?TEST07
            CODE    0053H     0013H     UNIT         ?PR?TIME0?TEST07
            CODE    0066H     000CH     UNIT         ?C_C51STARTUP



OVERLAY MAP OF MODULE:   .\Objects\Test07 (?C_STARTUP)


SEGMENT
  +--> CALLED SEGMENT
---------------------
?C_C51STARTUP
  +--> ?PR?MAIN?TEST07



SYMBOL TABLE OF MODULE:  .\Objects\Test07 (?C_STARTUP)

  VALUE           TYPE          NAME
  ----------------------------------

  -------         MODULE        ?C_STARTUP
  C:0066H         SEGMENT       ?C_C51STARTUP
  I:000AH         SEGMENT       ?STACK
  C:0000H         PUBLIC        ?C_STARTUP
  D:00E0H         SYMBOL        ACC
  D:00F0H         SYMBOL        B
  D:0083H         SYMBOL        DPH
BL51 BANKED LINKER/LOCATER V6.22                                                      10/16/2018  11:05:29  PAGE 2


  D:0082H         SYMBOL        DPL
  N:0000H         SYMBOL        IBPSTACK
  N:0100H         SYMBOL        IBPSTACKTOP
  N:0080H         SYMBOL        IDATALEN
  C:0069H         SYMBOL        IDATALOOP
  N:0000H         SYMBOL        PBPSTACK
  N:0100H         SYMBOL        PBPSTACKTOP
  N:0000H         SYMBOL        PDATALEN
  N:0000H         SYMBOL        PDATASTART
  N:0000H         SYMBOL        PPAGE
  N:0000H         SYMBOL        PPAGEENABLE
  D:00A0H         SYMBOL        PPAGE_SFR
  D:0081H         SYMBOL        SP
  C:0066H         SYMBOL        STARTUP1
  N:0000H         SYMBOL        XBPSTACK
  N:0000H         SYMBOL        XBPSTACKTOP
  N:0000H         SYMBOL        XDATALEN
  N:0000H         SYMBOL        XDATASTART
  C:0000H         LINE#         126
  C:0066H         LINE#         133
  C:0068H         LINE#         134
  C:0069H         LINE#         135
  C:006AH         LINE#         136
  C:006CH         LINE#         185
  C:006FH         LINE#         196
  -------         ENDMOD        ?C_STARTUP

  -------         MODULE        TEST07
  C:0000H         SYMBOL        _ICE_DUMMY_
  D:0090H         PUBLIC        P1
  D:00B0H         PUBLIC        P3
  B:00A8H.7       PUBLIC        EA
  D:00A8H         PUBLIC        IE
  C:0035H         PUBLIC        _delay
  D:00B8H         PUBLIC        IP
  C:000EH         PUBLIC        main
  D:0098H         PUBLIC        SCON
  D:0089H         PUBLIC        TMOD
  D:0088H         PUBLIC        TCON
  B:00A8H.1       PUBLIC        ET0
  D:008CH         PUBLIC        TH0
  D:008AH         PUBLIC        TL0
  B:0088H.4       PUBLIC        TR0
  D:0008H         PUBLIC        pp
  C:0053H         PUBLIC        time0
  D:00C8H         PUBLIC        T2CON
  D:00D0H         PUBLIC        PSW
  -------         PROC          _DELAY
  D:0006H         SYMBOL        z
  -------         DO            
  D:0006H         SYMBOL        x
  D:0004H         SYMBOL        y
  -------         ENDDO         
  C:0035H         LINE#         23
  C:0035H         LINE#         24
  C:0035H         LINE#         26
  C:003EH         LINE#         27
BL51 BANKED LINKER/LOCATER V6.22                                                      10/16/2018  11:05:29  PAGE 3


  C:0052H         LINE#         28
  -------         ENDPROC       _DELAY
  -------         PROC          MAIN
  C:000EH         LINE#         30
  C:000EH         LINE#         31
  C:000EH         LINE#         34
  C:0013H         LINE#         35
  C:0016H         LINE#         36
  C:0018H         LINE#         37
  C:001BH         LINE#         38
  C:001EH         LINE#         39
  C:0020H         LINE#         40
  C:0022H         LINE#         41
  C:0022H         LINE#         42
  C:0022H         LINE#         43
  C:002CH         LINE#         44
  C:002CH         LINE#         45
  C:002FH         LINE#         46
  C:0033H         LINE#         48
  C:0033H         LINE#         50
  -------         ENDPROC       MAIN
  -------         PROC          TIME0
  C:0053H         LINE#         63
  C:0055H         LINE#         64
  C:0058H         LINE#         65
  C:005BH         LINE#         66
  C:0063H         LINE#         67
  -------         ENDPROC       TIME0
  -------         ENDMOD        TEST07

*** WARNING L16: UNCALLED SEGMENT, IGNORED FOR OVERLAY PROCESS
    SEGMENT: ?PR?_DELAY?TEST07

Program Size: data=11.0 xdata=0 code=106
LINK/LOCATE RUN COMPLETE.  1 WARNING(S),  0 ERROR(S)
