BL51 BANKED LINKER/LOCATER V6.22                                                        10/13/2018  10:38:27  PAGE 1


BL51 BANKED LINKER/LOCATER V6.22, INVOKED BY:
C:\KEIL_V5\C51\BIN\BL51.EXE .\Objects\STARTUP.obj, .\Objects\Test04.obj TO .\Objects\Test04 PRINT (.\Listings\Test04.m51
>> ) RAMSIZE (256)


MEMORY MODEL: SMALL


INPUT MODULES INCLUDED:
  .\Objects\STARTUP.obj (?C_STARTUP)
  .\Objects\Test04.obj (TEST04)


LINK MAP OF MODULE:  .\Objects\Test04 (?C_STARTUP)


            TYPE    BASE      LENGTH    RELOCATION   SEGMENT NAME
            -----------------------------------------------------

            * * * * * * *   D A T A   M E M O R Y   * * * * * * *
            REG     0000H     0008H     ABSOLUTE     "REG BANK 0"
            DATA    0008H     0001H     UNIT         _DATA_GROUP_
            IDATA   0009H     0001H     UNIT         ?STACK

            * * * * * * *   C O D E   M E M O R Y   * * * * * * *
            CODE    0000H     0003H     ABSOLUTE     
            CODE    0003H     0037H     UNIT         ?PR?_DELAY?TEST04
            CODE    003AH     0015H     UNIT         ?PR?MAIN?TEST04
            CODE    004FH     000CH     UNIT         ?C_C51STARTUP



OVERLAY MAP OF MODULE:   .\Objects\Test04 (?C_STARTUP)


SEGMENT                          DATA_GROUP 
  +--> CALLED SEGMENT          START    LENGTH
----------------------------------------------
?C_C51STARTUP                  -----    -----
  +--> ?PR?MAIN?TEST04

?PR?MAIN?TEST04                0008H    0001H
  +--> ?PR?_DELAY?TEST04



SYMBOL TABLE OF MODULE:  .\Objects\Test04 (?C_STARTUP)

  VALUE           TYPE          NAME
  ----------------------------------

  -------         MODULE        ?C_STARTUP
  C:004FH         SEGMENT       ?C_C51STARTUP
  I:0009H         SEGMENT       ?STACK
  C:0000H         PUBLIC        ?C_STARTUP
  D:00E0H         SYMBOL        ACC
  D:00F0H         SYMBOL        B
  D:0083H         SYMBOL        DPH
BL51 BANKED LINKER/LOCATER V6.22                                                      10/13/2018  10:38:27  PAGE 2


  D:0082H         SYMBOL        DPL
  N:0000H         SYMBOL        IBPSTACK
  N:0100H         SYMBOL        IBPSTACKTOP
  N:0080H         SYMBOL        IDATALEN
  C:0052H         SYMBOL        IDATALOOP
  N:0000H         SYMBOL        PBPSTACK
  N:0100H         SYMBOL        PBPSTACKTOP
  N:0000H         SYMBOL        PDATALEN
  N:0000H         SYMBOL        PDATASTART
  N:0000H         SYMBOL        PPAGE
  N:0000H         SYMBOL        PPAGEENABLE
  D:00A0H         SYMBOL        PPAGE_SFR
  D:0081H         SYMBOL        SP
  C:004FH         SYMBOL        STARTUP1
  N:0000H         SYMBOL        XBPSTACK
  N:0000H         SYMBOL        XBPSTACKTOP
  N:0000H         SYMBOL        XDATALEN
  N:0000H         SYMBOL        XDATASTART
  C:0000H         LINE#         126
  C:004FH         LINE#         133
  C:0051H         LINE#         134
  C:0052H         LINE#         135
  C:0053H         LINE#         136
  C:0055H         LINE#         185
  C:0058H         LINE#         196
  -------         ENDMOD        ?C_STARTUP

  -------         MODULE        TEST04
  C:0000H         SYMBOL        _ICE_DUMMY_
  D:0090H         PUBLIC        P1
  D:00A0H         PUBLIC        P2
  D:00B0H         PUBLIC        P3
  D:00A8H         PUBLIC        IE
  C:0024H         PUBLIC        _delay
  D:00B8H         PUBLIC        IP
  C:003AH         PUBLIC        main
  D:0098H         PUBLIC        SCON
  D:0088H         PUBLIC        TCON
  B:00A0H.3       PUBLIC        fmq
  D:00C8H         PUBLIC        T2CON
  D:00D0H         PUBLIC        PSW
  C:001EH         SYMBOL        L?0010
  -------         PROC          L?0009
  -------         ENDPROC       L?0009
  C:001EH         SYMBOL        L?0010
  -------         PROC          _DELAY
  D:0006H         SYMBOL        i
  -------         DO            
  D:0005H         SYMBOL        t
  -------         ENDDO         
  C:0024H         LINE#         10
  C:0024H         LINE#         11
  C:0024H         LINE#         13
  C:002EH         LINE#         14
  C:0039H         LINE#         15
  C:0039H         LINE#         16
  -------         ENDPROC       _DELAY
BL51 BANKED LINKER/LOCATER V6.22                                                      10/13/2018  10:38:27  PAGE 3


  -------         PROC          MAIN
  -------         DO            
  D:0008H         SYMBOL        j
  -------         ENDDO         
  C:003AH         LINE#         20
  C:003AH         LINE#         21
  C:003AH         LINE#         22
  C:003DH         LINE#         24
  C:003DH         LINE#         25
  C:0040H         LINE#         26
  C:0040H         LINE#         27
  C:0040H         LINE#         29
  C:0040H         LINE#         30
  C:0040H         LINE#         31
  C:0040H         LINE#         32
  C:0040H         LINE#         34
  C:0040H         LINE#         35
  C:0043H         LINE#         36
  C:0043H         LINE#         37
  C:0043H         LINE#         39
  C:0043H         LINE#         40
  C:0043H         LINE#         41
  C:0043H         LINE#         42
  C:0043H         LINE#         44
  C:0043H         LINE#         45
  C:0046H         LINE#         46
  C:0048H         LINE#         47
  -------         ENDPROC       MAIN
  -------         ENDMOD        TEST04

Program Size: data=10.0 xdata=0 code=91
LINK/LOCATE RUN COMPLETE.  0 WARNING(S),  0 ERROR(S)
