BL51 BANKED LINKER/LOCATER V6.22                                                        10/13/2018  11:35:30  PAGE 1


BL51 BANKED LINKER/LOCATER V6.22, INVOKED BY:
C:\KEIL_V5\C51\BIN\BL51.EXE .\Objects\STARTUP.obj, .\Objects\Test031.obj TO .\Objects\Test031 PRINT (.\Listings\Test031.
>> m51) RAMSIZE (256)


MEMORY MODEL: SMALL


INPUT MODULES INCLUDED:
  .\Objects\STARTUP.obj (?C_STARTUP)
  .\Objects\Test031.obj (TEST031)


LINK MAP OF MODULE:  .\Objects\Test031 (?C_STARTUP)


            TYPE    BASE      LENGTH    RELOCATION   SEGMENT NAME
            -----------------------------------------------------

            * * * * * * *   D A T A   M E M O R Y   * * * * * * *
            REG     0000H     0008H     ABSOLUTE     "REG BANK 0"
            DATA    0008H     0001H     UNIT         _DATA_GROUP_
            IDATA   0009H     0001H     UNIT         ?STACK

            * * * * * * *   C O D E   M E M O R Y   * * * * * * *
            CODE    0000H     0003H     ABSOLUTE     
            CODE    0003H     002CH     UNIT         ?PR?MAIN?TEST031
            CODE    002FH     0024H     UNIT         ?PR?_DELAY?TEST031
            CODE    0053H     0019H     UNIT         ?CO?TEST031
            CODE    006CH     000CH     UNIT         ?C_C51STARTUP



OVERLAY MAP OF MODULE:   .\Objects\Test031 (?C_STARTUP)


SEGMENT                          DATA_GROUP 
  +--> CALLED SEGMENT          START    LENGTH
----------------------------------------------
?C_C51STARTUP                  -----    -----
  +--> ?PR?MAIN?TEST031

?PR?MAIN?TEST031               0008H    0001H
  +--> ?CO?TEST031
  +--> ?PR?_DELAY?TEST031



SYMBOL TABLE OF MODULE:  .\Objects\Test031 (?C_STARTUP)

  VALUE           TYPE          NAME
  ----------------------------------

  -------         MODULE        ?C_STARTUP
  C:006CH         SEGMENT       ?C_C51STARTUP
  I:0009H         SEGMENT       ?STACK
  C:0000H         PUBLIC        ?C_STARTUP
  D:00E0H         SYMBOL        ACC
BL51 BANKED LINKER/LOCATER V6.22                                                      10/13/2018  11:35:30  PAGE 2


  D:00F0H         SYMBOL        B
  D:0083H         SYMBOL        DPH
  D:0082H         SYMBOL        DPL
  N:0000H         SYMBOL        IBPSTACK
  N:0100H         SYMBOL        IBPSTACKTOP
  N:0080H         SYMBOL        IDATALEN
  C:006FH         SYMBOL        IDATALOOP
  N:0000H         SYMBOL        PBPSTACK
  N:0100H         SYMBOL        PBPSTACKTOP
  N:0000H         SYMBOL        PDATALEN
  N:0000H         SYMBOL        PDATASTART
  N:0000H         SYMBOL        PPAGE
  N:0000H         SYMBOL        PPAGEENABLE
  D:00A0H         SYMBOL        PPAGE_SFR
  D:0081H         SYMBOL        SP
  C:006CH         SYMBOL        STARTUP1
  N:0000H         SYMBOL        XBPSTACK
  N:0000H         SYMBOL        XBPSTACKTOP
  N:0000H         SYMBOL        XDATALEN
  N:0000H         SYMBOL        XDATASTART
  C:0000H         LINE#         126
  C:006CH         LINE#         133
  C:006EH         LINE#         134
  C:006FH         LINE#         135
  C:0070H         LINE#         136
  C:0072H         LINE#         185
  C:0075H         LINE#         196
  -------         ENDMOD        ?C_STARTUP

  -------         MODULE        TEST031
  C:0000H         SYMBOL        _ICE_DUMMY_
  D:0080H         PUBLIC        P0
  D:0090H         PUBLIC        P1
  D:00A0H         PUBLIC        P2
  D:00B0H         PUBLIC        P3
  D:00A8H         PUBLIC        IE
  C:0035H         PUBLIC        _delay
  D:00B8H         PUBLIC        IP
  C:0003H         PUBLIC        main
  D:0098H         PUBLIC        SCON
  D:0088H         PUBLIC        TCON
  B:00A0H.3       PUBLIC        fmq
  C:0053H         PUBLIC        leddata
  B:00A0H.5       PUBLIC        du
  B:00A0H.7       PUBLIC        we
  D:00C8H         PUBLIC        T2CON
  D:00D0H         PUBLIC        PSW
  -------         PROC          L?0014
  -------         ENDPROC       L?0014
  -------         PROC          _DELAY
  D:0006H         SYMBOL        z
  -------         DO            
  D:0006H         SYMBOL        x
  D:0004H         SYMBOL        y
  -------         ENDDO         
  C:0035H         LINE#         40
  C:0035H         LINE#         41
BL51 BANKED LINKER/LOCATER V6.22                                                      10/13/2018  11:35:30  PAGE 3


  C:0035H         LINE#         43
  C:003EH         LINE#         44
  C:0052H         LINE#         45
  -------         ENDPROC       _DELAY
  -------         PROC          MAIN
  -------         DO            
  D:0008H         SYMBOL        i
  -------         ENDDO         
  C:0003H         LINE#         47
  C:0003H         LINE#         48
  C:0003H         LINE#         51
  C:0005H         LINE#         52
  C:0008H         LINE#         53
  C:000AH         LINE#         55
  C:000AH         LINE#         56
  C:000AH         LINE#         57
  C:000CH         LINE#         58
  C:0014H         LINE#         59
  C:0016H         LINE#         60
  C:0016H         LINE#         61
  C:0019H         LINE#         62
  C:001BH         LINE#         63
  C:001EH         LINE#         64
  C:0020H         LINE#         65
  C:0020H         LINE#         66
  C:0023H         LINE#         67
  C:0025H         LINE#         68
  C:002AH         LINE#         69
  C:002AH         LINE#         70
  C:002DH         LINE#         71
  C:002DH         LINE#         72
  -------         ENDPROC       MAIN
  -------         ENDMOD        TEST031

Program Size: data=10.0 xdata=0 code=120
LINK/LOCATE RUN COMPLETE.  0 WARNING(S),  0 ERROR(S)
