BL51 BANKED LINKER/LOCATER V6.22                                                        10/15/2018  01:13:10  PAGE 1


BL51 BANKED LINKER/LOCATER V6.22, INVOKED BY:
C:\KEIL_V5\C51\BIN\BL51.EXE .\Objects\STARTUP.obj, .\Objects\Test05.obj TO .\Objects\Test05 PRINT (.\Listings\Test05.m51
>> ) RAMSIZE (256)


MEMORY MODEL: SMALL


INPUT MODULES INCLUDED:
  .\Objects\STARTUP.obj (?C_STARTUP)
  .\Objects\Test05.obj (TEST05)


LINK MAP OF MODULE:  .\Objects\Test05 (?C_STARTUP)


            TYPE    BASE      LENGTH    RELOCATION   SEGMENT NAME
            -----------------------------------------------------

            * * * * * * *   D A T A   M E M O R Y   * * * * * * *
            REG     0000H     0008H     ABSOLUTE     "REG BANK 0"
            DATA    0008H     0002H     UNIT         _DATA_GROUP_
            IDATA   000AH     0001H     UNIT         ?STACK

            * * * * * * *   C O D E   M E M O R Y   * * * * * * *
            CODE    0000H     0003H     ABSOLUTE     
            CODE    0003H     004DH     UNIT         ?PR?MAIN?TEST05
            CODE    0050H     0046H     UNIT         ?PR?_DISPLAY?TEST05
            CODE    0096H     001EH     UNIT         ?PR?_DELAY?TEST05
            CODE    00B4H     0019H     UNIT         ?CO?TEST05
            CODE    00CDH     000CH     UNIT         ?C_C51STARTUP



OVERLAY MAP OF MODULE:   .\Objects\Test05 (?C_STARTUP)


SEGMENT                          DATA_GROUP 
  +--> CALLED SEGMENT          START    LENGTH
----------------------------------------------
?C_C51STARTUP                  -----    -----
  +--> ?PR?MAIN?TEST05

?PR?MAIN?TEST05                0008H    0002H
  +--> ?PR?_DISPLAY?TEST05
  +--> ?PR?_DELAY?TEST05

?PR?_DISPLAY?TEST05            -----    -----
  +--> ?CO?TEST05
  +--> ?PR?_DELAY?TEST05



SYMBOL TABLE OF MODULE:  .\Objects\Test05 (?C_STARTUP)

  VALUE           TYPE          NAME
  ----------------------------------

BL51 BANKED LINKER/LOCATER V6.22                                                      10/15/2018  01:13:10  PAGE 2


  -------         MODULE        ?C_STARTUP
  C:00CDH         SEGMENT       ?C_C51STARTUP
  I:000AH         SEGMENT       ?STACK
  C:0000H         PUBLIC        ?C_STARTUP
  D:00E0H         SYMBOL        ACC
  D:00F0H         SYMBOL        B
  D:0083H         SYMBOL        DPH
  D:0082H         SYMBOL        DPL
  N:0000H         SYMBOL        IBPSTACK
  N:0100H         SYMBOL        IBPSTACKTOP
  N:0080H         SYMBOL        IDATALEN
  C:00D0H         SYMBOL        IDATALOOP
  N:0000H         SYMBOL        PBPSTACK
  N:0100H         SYMBOL        PBPSTACKTOP
  N:0000H         SYMBOL        PDATALEN
  N:0000H         SYMBOL        PDATASTART
  N:0000H         SYMBOL        PPAGE
  N:0000H         SYMBOL        PPAGEENABLE
  D:00A0H         SYMBOL        PPAGE_SFR
  D:0081H         SYMBOL        SP
  C:00CDH         SYMBOL        STARTUP1
  N:0000H         SYMBOL        XBPSTACK
  N:0000H         SYMBOL        XBPSTACKTOP
  N:0000H         SYMBOL        XDATALEN
  N:0000H         SYMBOL        XDATASTART
  C:0000H         LINE#         126
  C:00CDH         LINE#         133
  C:00CFH         LINE#         134
  C:00D0H         LINE#         135
  C:00D1H         LINE#         136
  C:00D3H         LINE#         185
  C:00D6H         LINE#         196
  -------         ENDMOD        ?C_STARTUP

  -------         MODULE        TEST05
  C:0000H         SYMBOL        _ICE_DUMMY_
  D:0080H         PUBLIC        P0
  D:0090H         PUBLIC        P1
  D:00A0H         PUBLIC        P2
  D:00B0H         PUBLIC        P3
  D:00A8H         PUBLIC        IE
  C:0096H         PUBLIC        _delay
  D:00B8H         PUBLIC        IP
  C:0003H         PUBLIC        main
  D:0098H         PUBLIC        SCON
  D:0089H         PUBLIC        TMOD
  D:0088H         PUBLIC        TCON
  B:0088H.7       PUBLIC        TF1
  D:008DH         PUBLIC        TH1
  D:008BH         PUBLIC        TL1
  C:00B4H         PUBLIC        leddata
  B:0088H.6       PUBLIC        TR1
  B:00A0H.6       PUBLIC        du
  B:00A0H.7       PUBLIC        we
  D:00C8H         PUBLIC        T2CON
  C:0050H         PUBLIC        _display
  D:00D0H         PUBLIC        PSW
BL51 BANKED LINKER/LOCATER V6.22                                                      10/15/2018  01:13:10  PAGE 3


  -------         PROC          _DELAY
  D:0006H         SYMBOL        z
  -------         DO            
  D:0006H         SYMBOL        x
  D:0004H         SYMBOL        y
  -------         ENDDO         
  C:0096H         LINE#         43
  C:0096H         LINE#         44
  C:0096H         LINE#         46
  C:009FH         LINE#         47
  C:00B3H         LINE#         48
  -------         ENDPROC       _DELAY
  -------         PROC          _DISPLAY
  D:0007H         SYMBOL        i
  -------         DO            
  D:0006H         SYMBOL        shi
  D:0003H         SYMBOL        ge
  -------         ENDDO         
  C:0050H         LINE#         51
  C:0050H         LINE#         52
  C:0050H         LINE#         54
  C:0056H         LINE#         55
  C:005DH         LINE#         57
  C:0060H         LINE#         58
  C:0062H         LINE#         59
  C:0065H         LINE#         60
  C:0067H         LINE#         62
  C:0069H         LINE#         63
  C:0072H         LINE#         64
  C:0074H         LINE#         65
  C:007BH         LINE#         67
  C:007EH         LINE#         68
  C:0080H         LINE#         69
  C:0083H         LINE#         70
  C:0085H         LINE#         72
  C:0087H         LINE#         73
  C:008DH         LINE#         74
  C:008FH         LINE#         75
  -------         ENDPROC       _DISPLAY
  -------         PROC          MAIN
  -------         DO            
  D:0002H         SYMBOL        j
  D:0003H         SYMBOL        temp
  D:0008H         SYMBOL        a
  D:0009H         SYMBOL        b
  -------         ENDDO         
  C:0003H         LINE#         78
  C:0003H         LINE#         79
  C:0003H         LINE#         83
  C:0005H         LINE#         84
  C:0008H         LINE#         85
  C:000BH         LINE#         86
  C:000EH         LINE#         87
  C:000EH         LINE#         88
  C:000EH         LINE#         89
  C:0011H         LINE#         90
  C:0011H         LINE#         91
BL51 BANKED LINKER/LOCATER V6.22                                                      10/15/2018  01:13:10  PAGE 4


  C:0014H         LINE#         92
  C:0017H         LINE#         93
  C:0019H         LINE#         94
  C:001BH         LINE#         95
  C:001BH         LINE#         96
  C:0020H         LINE#         97
  C:0020H         LINE#         98
  C:0023H         LINE#         99
  C:0025H         LINE#         100
  C:0025H         LINE#         102
  C:002AH         LINE#         104
  C:002FH         LINE#         105
  C:002FH         LINE#         106
  C:0031H         LINE#         108
  C:0033H         LINE#         109
  C:0033H         LINE#         111
  C:0035H         LINE#         112
  C:0035H         LINE#         113
  C:0037H         LINE#         114
  C:003EH         LINE#         115
  C:004AH         LINE#         117
  -------         ENDPROC       MAIN
  -------         ENDMOD        TEST05

Program Size: data=11.0 xdata=0 code=217
LINK/LOCATE RUN COMPLETE.  0 WARNING(S),  0 ERROR(S)
